../Core/Src/main.c:65:6:delay_us	16	static
../Core/Src/main.c:72:6:Display_Temp	40	static
../Core/Src/main.c:82:6:Display_Rh	40	static
../Core/Src/main.c:96:6:Set_Pin_Output	40	static
../Core/Src/main.c:105:6:Set_Pin_Input	40	static
../Core/Src/main.c:119:6:DHT22_Start	8	static
../Core/Src/main.c:132:9:DHT22_Check_Response	16	static
../Core/Src/main.c:149:9:DHT22_Read	16	static
../Core/Src/main.c:178:9:DHT22_Read_Data	32	static
../Core/Src/main.c:213:5:main	8	static
../Core/Src/main.c:278:6:SystemClock_Config	88	static
../Core/Src/main.c:325:13:MX_I2C1_Init	8	static
../Core/Src/main.c:373:13:MX_TIM6_Init	24	static
../Core/Src/main.c:411:13:MX_GPIO_Init	40	static
../Core/Src/main.c:444:6:Error_Handler	4	static,ignoring_inline_asm
